../Src/main.c:61:6:Idle_task	0	static
../Src/main.c:96:6:SysTick_Init	0	static
../Src/main.c:110:29:Scheduler_Stack_Init	0	static,ignoring_inline_asm
../Src/main.c:117:6:Tasks_Stack_Init	24	static
../Src/main.c:160:6:Enable_Processor_Faults	0	static
../Src/main.c:182:29:Switch_SP_to_PSP	0	static,ignoring_inline_asm
../Src/main.c:196:6:update_psp_value	0	static
../Src/main.c:201:10:Get_Current_task_PSP	0	static
../Src/main.c:206:6:schedule_next_task	12	static
../Src/main.c:226:29:PendSV_Handler	0	static,ignoring_inline_asm
../Src/main.c:256:6:update_global_tick_count	0	static
../Src/main.c:261:6:Unblocking_task	8	static
../Src/main.c:275:6:Pending_PendSV	0	static
../Src/main.c:165:6:schedule	0	static
../Src/main.c:170:6:task_delay	8	static,ignoring_inline_asm
../Src/main.c:66:6:task1_handler	8	static
../Src/main.c:40:5:main	8	static
../Src/main.c:74:6:task2_handler	8	static
../Src/main.c:81:6:task3_handler	8	static
../Src/main.c:88:6:task4_handler	8	static
../Src/main.c:281:29:SysTick_Handler	0	static
