../Src/main.c:65:5:main	8	static
../Src/main.c:81:6:task1_handler	4	static
../Src/main.c:86:6:task2_handler	4	static
../Src/main.c:90:6:task3_handler	4	static
../Src/main.c:94:6:task4_handler	4	static
../Src/main.c:98:6:SysTick_Init	32	static
../Src/main.c:111:29:Scheduler_Stack_Init	0	static,ignoring_inline_asm
../Src/main.c:118:6:Tasks_Stack_Init	16	static
../Src/main.c:142:6:Enable_Processor_Faults	4	static
../Src/main.c:147:10:Get_Current_Task_PSP	4	static
../Src/main.c:152:29:Switch_SP_to_PSP	0	static,ignoring_inline_asm
../Src/main.c:166:6:SysTick_Handler	4	static
