../Src/main.c:44:5:main	8	static
../Src/main.c:65:6:Idle_task	4	static
../Src/main.c:70:6:task1_handler	8	static
../Src/main.c:81:6:task2_handler	8	static
../Src/main.c:91:6:task3_handler	8	static
../Src/main.c:101:6:task4_handler	8	static
../Src/main.c:112:6:SysTick_Init	32	static
../Src/main.c:126:29:Scheduler_Stack_Init	0	static,ignoring_inline_asm
../Src/main.c:133:6:Tasks_Stack_Init	4	static
../Src/main.c:173:6:Enable_Processor_Faults	16	static
../Src/main.c:179:6:schedule	8	static
../Src/main.c:184:6:task_delay	16	static,ignoring_inline_asm
../Src/main.c:197:29:Switch_SP_to_PSP	0	static,ignoring_inline_asm
../Src/main.c:212:6:update_psp_value	16	static
../Src/main.c:217:10:Get_Current_task_PSP	4	static
../Src/main.c:222:6:schedule_next_task	16	static
../Src/main.c:242:29:PendSV_Handler	0	static,ignoring_inline_asm
../Src/main.c:272:6:update_global_tick_count	4	static
../Src/main.c:277:6:Unblocking_task	16	static
../Src/main.c:292:6:Pending_PendSV	16	static
../Src/main.c:298:6:SysTick_Handler	8	static
../Src/main.c:304:6:HardFault_Handler	8	static
../Src/main.c:309:6:MemManage_Handler	8	static
../Src/main.c:314:6:BusFault_Handler	8	static
