../Src/main.c:38:5:main	8	static
../Src/main.c:58:6:Idle_task	4	static
../Src/main.c:66:6:task1_handler	8	static
../Src/main.c:74:6:task2_handler	8	static
../Src/main.c:81:6:task3_handler	8	static
../Src/main.c:88:6:task4_handler	8	static
../Src/main.c:95:6:SysTick_Init	32	static
../Src/main.c:108:29:Scheduler_Stack_Init	0	static,ignoring_inline_asm
../Src/main.c:115:6:Tasks_Stack_Init	16	static
../Src/main.c:158:6:Enable_Processor_Faults	4	static
../Src/main.c:163:6:schedule	8	static
../Src/main.c:168:6:task_delay	16	static,ignoring_inline_asm
../Src/main.c:180:29:Switch_SP_to_PSP	0	static,ignoring_inline_asm
../Src/main.c:194:6:update_psp_value	16	static
../Src/main.c:199:10:Get_Current_task_PSP	4	static
../Src/main.c:204:6:schedule_next_task	16	static
../Src/main.c:224:29:PendSV_Handler	0	static,ignoring_inline_asm
../Src/main.c:254:6:update_global_tick_count	4	static
../Src/main.c:259:6:Unblocking_task	16	static
../Src/main.c:273:6:Pending_PendSV	16	static
../Src/main.c:279:29:SysTick_Handler	0	static
