../Src/main.c:37:5:main	8	static
../Src/main.c:57:6:task1_handler	8	static
../Src/main.c:65:6:task2_handler	8	static
../Src/main.c:72:6:task3_handler	8	static
../Src/main.c:79:6:task4_handler	8	static
../Src/main.c:86:6:SysTick_Init	32	static
../Src/main.c:99:29:Scheduler_Stack_Init	0	static,ignoring_inline_asm
../Src/main.c:106:6:Tasks_Stack_Init	16	static
../Src/main.c:146:6:Enable_Processor_Faults	4	static
../Src/main.c:151:29:Switch_SP_to_PSP	0	static,ignoring_inline_asm
../Src/main.c:165:6:update_psp_value	16	static
../Src/main.c:170:10:Get_Current_Task_PSP	4	static
../Src/main.c:175:6:schedule_next_task	4	static
../Src/main.c:181:29:SysTick_Handler	0	static,ignoring_inline_asm
