../Src/main.c:65:5:main	8	static
../Src/main.c:83:6:task1_handler	4	static
../Src/main.c:88:6:task2_handler	4	static
../Src/main.c:92:6:task3_handler	4	static
../Src/main.c:96:6:task4_handler	4	static
../Src/main.c:100:6:SysTick_Init	32	static
../Src/main.c:113:29:Scheduler_Stack_Init	0	static,ignoring_inline_asm
../Src/main.c:120:6:Tasks_Stack_Init	16	static
../Src/main.c:144:6:Enable_Processor_Faults	4	static
../Src/main.c:149:29:Switch_SP_to_PSP	0	static,ignoring_inline_asm
../Src/main.c:163:6:update_psp_value	16	static
../Src/main.c:168:10:Get_Current_Task_PSP	4	static
../Src/main.c:173:6:schedule_next_task	4	static
../Src/main.c:179:29:SysTick_Handler	0	static,ignoring_inline_asm
